<?xml version="1.0"?>
<link_info>
   <banner>TI ARM Linker PC v5.2.5</banner>
   <copyright>Copyright (c) 1996-2015 Texas Instruments Incorporated</copyright>
   <link_time>0x5754d031</link_time>
   <link_errors>0x0</link_errors>
   <output_file>Segway.out</output_file>
   <entry_point>
      <name>_c_int00</name>
      <address>0x3101</address>
   </entry_point>
   <input_file_list>
      <input_file id="fl-2">
         <path>.\</path>
         <kind>object</kind>
         <file>main.obj</file>
         <name>main.obj</name>
      </input_file>
      <input_file id="fl-3">
         <path>.\</path>
         <kind>object</kind>
         <file>startup_ccs.obj</file>
         <name>startup_ccs.obj</name>
      </input_file>
      <input_file id="fl-4">
         <path>.\utils\</path>
         <kind>object</kind>
         <file>uartstdio.obj</file>
         <name>uartstdio.obj</name>
      </input_file>
      <input_file id="fl-5">
         <path>.\drivers\</path>
         <kind>object</kind>
         <file>rgb.obj</file>
         <name>rgb.obj</name>
      </input_file>
      <input_file id="fl-d">
         <path>C:\ti\TivaWare_C_Series-2.1.2.111\driverlib\ccs\Debug\</path>
         <kind>archive</kind>
         <file>driverlib.lib</file>
         <name>gpio.obj</name>
      </input_file>
      <input_file id="fl-e">
         <path>C:\ti\TivaWare_C_Series-2.1.2.111\driverlib\ccs\Debug\</path>
         <kind>archive</kind>
         <file>driverlib.lib</file>
         <name>interrupt.obj</name>
      </input_file>
      <input_file id="fl-f">
         <path>C:\ti\TivaWare_C_Series-2.1.2.111\driverlib\ccs\Debug\</path>
         <kind>archive</kind>
         <file>driverlib.lib</file>
         <name>pwm.obj</name>
      </input_file>
      <input_file id="fl-10">
         <path>C:\ti\TivaWare_C_Series-2.1.2.111\driverlib\ccs\Debug\</path>
         <kind>archive</kind>
         <file>driverlib.lib</file>
         <name>sysctl.obj</name>
      </input_file>
      <input_file id="fl-11">
         <path>C:\ti\TivaWare_C_Series-2.1.2.111\driverlib\ccs\Debug\</path>
         <kind>archive</kind>
         <file>driverlib.lib</file>
         <name>uart.obj</name>
      </input_file>
      <input_file id="fl-12">
         <path>C:\ti\TivaWare_C_Series-2.1.2.111\driverlib\ccs\Debug\</path>
         <kind>archive</kind>
         <file>driverlib.lib</file>
         <name>cpu.obj</name>
      </input_file>
      <input_file id="fl-134">
         <path>C:\ti\ccsv6\tools\compiler\ti-cgt-arm_5.2.5\lib\</path>
         <kind>archive</kind>
         <file>rtsv7M4_T_le_v4SPD16_eabi.lib</file>
         <name>boot.obj</name>
      </input_file>
      <input_file id="fl-135">
         <path>C:\ti\ccsv6\tools\compiler\ti-cgt-arm_5.2.5\lib\</path>
         <kind>archive</kind>
         <file>rtsv7M4_T_le_v4SPD16_eabi.lib</file>
         <name>copy_decompress_none.obj</name>
      </input_file>
      <input_file id="fl-136">
         <path>C:\ti\ccsv6\tools\compiler\ti-cgt-arm_5.2.5\lib\</path>
         <kind>archive</kind>
         <file>rtsv7M4_T_le_v4SPD16_eabi.lib</file>
         <name>copy_decompress_rle.obj</name>
      </input_file>
      <input_file id="fl-137">
         <path>C:\ti\ccsv6\tools\compiler\ti-cgt-arm_5.2.5\lib\</path>
         <kind>archive</kind>
         <file>rtsv7M4_T_le_v4SPD16_eabi.lib</file>
         <name>copy_zero_init.obj</name>
      </input_file>
      <input_file id="fl-138">
         <path>C:\ti\ccsv6\tools\compiler\ti-cgt-arm_5.2.5\lib\</path>
         <kind>archive</kind>
         <file>rtsv7M4_T_le_v4SPD16_eabi.lib</file>
         <name>exit.obj</name>
      </input_file>
      <input_file id="fl-139">
         <path>C:\ti\ccsv6\tools\compiler\ti-cgt-arm_5.2.5\lib\</path>
         <kind>archive</kind>
         <file>rtsv7M4_T_le_v4SPD16_eabi.lib</file>
         <name>fs_toull_t2.obj</name>
      </input_file>
      <input_file id="fl-13a">
         <path>C:\ti\ccsv6\tools\compiler\ti-cgt-arm_5.2.5\lib\</path>
         <kind>archive</kind>
         <file>rtsv7M4_T_le_v4SPD16_eabi.lib</file>
         <name>memcpy_t2.obj</name>
      </input_file>
      <input_file id="fl-13b">
         <path>C:\ti\ccsv6\tools\compiler\ti-cgt-arm_5.2.5\lib\</path>
         <kind>archive</kind>
         <file>rtsv7M4_T_le_v4SPD16_eabi.lib</file>
         <name>memset_t2.obj</name>
      </input_file>
      <input_file id="fl-13c">
         <path>C:\ti\ccsv6\tools\compiler\ti-cgt-arm_5.2.5\lib\</path>
         <kind>archive</kind>
         <file>rtsv7M4_T_le_v4SPD16_eabi.lib</file>
         <name>pre_init.obj</name>
      </input_file>
      <input_file id="fl-13d">
         <path>C:\ti\ccsv6\tools\compiler\ti-cgt-arm_5.2.5\lib\</path>
         <kind>archive</kind>
         <file>rtsv7M4_T_le_v4SPD16_eabi.lib</file>
         <name>stkdepth_vars.obj</name>
      </input_file>
      <input_file id="fl-13e">
         <path>C:\ti\ccsv6\tools\compiler\ti-cgt-arm_5.2.5\lib\</path>
         <kind>archive</kind>
         <file>rtsv7M4_T_le_v4SPD16_eabi.lib</file>
         <name>u_divt2.obj</name>
      </input_file>
      <input_file id="fl-13f">
         <path>C:\ti\ccsv6\tools\compiler\ti-cgt-arm_5.2.5\lib\</path>
         <kind>archive</kind>
         <file>rtsv7M4_T_le_v4SPD16_eabi.lib</file>
         <name>_lock.obj</name>
      </input_file>
      <input_file id="fl-140">
         <path>C:\ti\ccsv6\tools\compiler\ti-cgt-arm_5.2.5\lib\</path>
         <kind>archive</kind>
         <file>rtsv7M4_T_le_v4SPD16_eabi.lib</file>
         <name>args_main.obj</name>
      </input_file>
      <input_file id="fl-141">
         <path>C:\ti\ccsv6\tools\compiler\ti-cgt-arm_5.2.5\lib\</path>
         <kind>archive</kind>
         <file>rtsv7M4_T_le_v4SPD16_eabi.lib</file>
         <name>autoinit.obj</name>
      </input_file>
      <input_file id="fl-142">
         <path>C:\ti\ccsv6\tools\compiler\ti-cgt-arm_5.2.5\lib\</path>
         <kind>archive</kind>
         <file>rtsv7M4_T_le_v4SPD16_eabi.lib</file>
         <name>cpy_tbl.obj</name>
      </input_file>
      <input_file id="fl-143">
         <path>C:\ti\ccsv6\tools\compiler\ti-cgt-arm_5.2.5\lib\</path>
         <kind>archive</kind>
         <file>rtsv7M4_T_le_v4SPD16_eabi.lib</file>
         <name>i_div0.obj</name>
      </input_file>
      <input_file id="fl-144">
         <path>C:\ti\TivaWare_C_Series-2.1.2.111\examples\boards\ek-tm4c123gxl-boostxl-senshub\compdcm_mpu9150\ccs\..\..\..\..\..\sensorlib\ccs\Debug\</path>
         <kind>archive</kind>
         <file>sensorlib.lib</file>
         <name>comp_dcm.obj</name>
      </input_file>
      <input_file id="fl-145">
         <path>C:\ti\TivaWare_C_Series-2.1.2.111\examples\boards\ek-tm4c123gxl-boostxl-senshub\compdcm_mpu9150\ccs\..\..\..\..\..\sensorlib\ccs\Debug\</path>
         <kind>archive</kind>
         <file>sensorlib.lib</file>
         <name>i2cm_drv.obj</name>
      </input_file>
      <input_file id="fl-146">
         <path>C:\ti\TivaWare_C_Series-2.1.2.111\examples\boards\ek-tm4c123gxl-boostxl-senshub\compdcm_mpu9150\ccs\..\..\..\..\..\sensorlib\ccs\Debug\</path>
         <kind>archive</kind>
         <file>sensorlib.lib</file>
         <name>mpu9150.obj</name>
      </input_file>
      <input_file id="fl-147">
         <path>C:\ti\TivaWare_C_Series-2.1.2.111\examples\boards\ek-tm4c123gxl-boostxl-senshub\compdcm_mpu9150\ccs\..\..\..\..\..\sensorlib\ccs\Debug\</path>
         <kind>archive</kind>
         <file>sensorlib.lib</file>
         <name>vector.obj</name>
      </input_file>
      <input_file id="fl-148">
         <path>C:\ti\TivaWare_C_Series-2.1.2.111\driverlib\ccs\Debug\</path>
         <kind>archive</kind>
         <file>driverlib.lib</file>
         <name>i2c.obj</name>
      </input_file>
      <input_file id="fl-149">
         <path>C:\ti\ccsv6\tools\compiler\ti-cgt-arm_5.2.5\lib\</path>
         <kind>archive</kind>
         <file>rtsv7M4_T_le_v4SPD16_eabi.lib</file>
         <name>asinf.obj</name>
      </input_file>
      <input_file id="fl-14a">
         <path>C:\ti\ccsv6\tools\compiler\ti-cgt-arm_5.2.5\lib\</path>
         <kind>archive</kind>
         <file>rtsv7M4_T_le_v4SPD16_eabi.lib</file>
         <name>atan2f.obj</name>
      </input_file>
      <input_file id="fl-14b">
         <path>C:\ti\ccsv6\tools\compiler\ti-cgt-arm_5.2.5\lib\</path>
         <kind>archive</kind>
         <file>rtsv7M4_T_le_v4SPD16_eabi.lib</file>
         <name>fd_add_t2.obj</name>
      </input_file>
      <input_file id="fl-14c">
         <path>C:\ti\ccsv6\tools\compiler\ti-cgt-arm_5.2.5\lib\</path>
         <kind>archive</kind>
         <file>rtsv7M4_T_le_v4SPD16_eabi.lib</file>
         <name>fd_mul_t2.obj</name>
      </input_file>
      <input_file id="fl-14d">
         <path>C:\ti\ccsv6\tools\compiler\ti-cgt-arm_5.2.5\lib\</path>
         <kind>archive</kind>
         <file>rtsv7M4_T_le_v4SPD16_eabi.lib</file>
         <name>fd_tos_t2.obj</name>
      </input_file>
      <input_file id="fl-14e">
         <path>C:\ti\ccsv6\tools\compiler\ti-cgt-arm_5.2.5\lib\</path>
         <kind>archive</kind>
         <file>rtsv7M4_T_le_v4SPD16_eabi.lib</file>
         <name>fs_tod_t2.obj</name>
      </input_file>
      <input_file id="fl-14f">
         <path>C:\ti\ccsv6\tools\compiler\ti-cgt-arm_5.2.5\lib\</path>
         <kind>archive</kind>
         <file>rtsv7M4_T_le_v4SPD16_eabi.lib</file>
         <name>sqrtf.obj</name>
      </input_file>
      <input_file id="fl-150">
         <path>C:\ti\ccsv6\tools\compiler\ti-cgt-arm_5.2.5\lib\</path>
         <kind>archive</kind>
         <file>rtsv7M4_T_le_v4SPD16_eabi.lib</file>
         <name>xfatan.obj</name>
      </input_file>
      <input_file id="fl-151">
         <path>C:\ti\ccsv6\tools\compiler\ti-cgt-arm_5.2.5\lib\</path>
         <kind>archive</kind>
         <file>rtsv7M4_T_le_v4SPD16_eabi.lib</file>
         <name>xfdclass.obj</name>
      </input_file>
      <input_file id="fl-152">
         <path>C:\ti\ccsv6\tools\compiler\ti-cgt-arm_5.2.5\lib\</path>
         <kind>archive</kind>
         <file>rtsv7M4_T_le_v4SPD16_eabi.lib</file>
         <name>xferaise.obj</name>
      </input_file>
      <input_file id="fl-153">
         <path>C:\ti\ccsv6\tools\compiler\ti-cgt-arm_5.2.5\lib\</path>
         <kind>archive</kind>
         <file>rtsv7M4_T_le_v4SPD16_eabi.lib</file>
         <name>xfvalues.obj</name>
      </input_file>
      <input_file id="fl-154">
         <path>C:\ti\ccsv6\tools\compiler\ti-cgt-arm_5.2.5\lib\</path>
         <kind>archive</kind>
         <file>rtsv7M4_T_le_v4SPD16_eabi.lib</file>
         <name>errno.obj</name>
      </input_file>
      <input_file id="fl-155">
         <path>C:\ti\ccsv6\tools\compiler\ti-cgt-arm_5.2.5\lib\</path>
         <kind>archive</kind>
         <file>rtsv7M4_T_le_v4SPD16_eabi.lib</file>
         <name>feraiseexcept.obj</name>
      </input_file>
      <input_file id="fl-156">
         <path>C:\ti\ccsv6\tools\compiler\ti-cgt-arm_5.2.5\lib\</path>
         <kind>archive</kind>
         <file>rtsv7M4_T_le_v4SPD16_eabi.lib</file>
         <name>raise.obj</name>
      </input_file>
      <input_file id="fl-157">
         <path>C:\ti\ccsv6\tools\compiler\ti-cgt-arm_5.2.5\lib\</path>
         <kind>archive</kind>
         <file>rtsv7M4_T_le_v4SPD16_eabi.lib</file>
         <name>signal.obj</name>
      </input_file>
   </input_file_list>
   <object_component_list>
      <object_component id="oc-f">
         <name>.intvecs</name>
         <load_address>0x0</load_address>
         <run_address>0x0</run_address>
         <size>0x26c</size>
         <input_file_ref idref="fl-3"/>
      </object_component>
      <object_component id="oc-30">
         <name>.text</name>
         <load_address>0x26c</load_address>
         <run_address>0x26c</run_address>
         <size>0x9b8</size>
         <input_file_ref idref="fl-2"/>
      </object_component>
      <object_component id="oc-36">
         <name>.text</name>
         <load_address>0xc24</load_address>
         <run_address>0xc24</run_address>
         <size>0x914</size>
         <input_file_ref idref="fl-4"/>
      </object_component>
      <object_component id="oc-3c">
         <name>.text</name>
         <load_address>0x1538</load_address>
         <run_address>0x1538</run_address>
         <size>0x434</size>
         <input_file_ref idref="fl-5"/>
      </object_component>
      <object_component id="oc-110">
         <name>.text:CompDCMUpdate</name>
         <load_address>0x196c</load_address>
         <run_address>0x196c</run_address>
         <size>0x290</size>
         <input_file_ref idref="fl-144"/>
      </object_component>
      <object_component id="oc-11c">
         <name>.text:CompDCMComputeQuaternion</name>
         <load_address>0x1bfc</load_address>
         <run_address>0x1bfc</run_address>
         <size>0x1c8</size>
         <input_file_ref idref="fl-144"/>
      </object_component>
      <object_component id="oc-26a">
         <name>.text</name>
         <load_address>0x1dc4</load_address>
         <run_address>0x1dc4</run_address>
         <size>0x1b6</size>
         <input_file_ref idref="fl-14b"/>
      </object_component>
      <object_component id="oc-291">
         <name>.text</name>
         <load_address>0x1f7a</load_address>
         <run_address>0x1f7a</run_address>
         <size>0x2</size>
         <input_file_ref idref="fl-143"/>
      </object_component>
      <object_component id="oc-192">
         <name>.text:MPU9150Callback</name>
         <load_address>0x1f7c</load_address>
         <run_address>0x1f7c</run_address>
         <size>0x194</size>
         <input_file_ref idref="fl-146"/>
      </object_component>
      <object_component id="oc-20e">
         <name>.text:GPIOPadConfigSet</name>
         <load_address>0x2110</load_address>
         <run_address>0x2110</run_address>
         <size>0x132</size>
         <input_file_ref idref="fl-d"/>
      </object_component>
      <object_component id="oc-276">
         <name>.text</name>
         <load_address>0x2244</load_address>
         <run_address>0x2244</run_address>
         <size>0x118</size>
         <input_file_ref idref="fl-14a"/>
      </object_component>
      <object_component id="oc-af">
         <name>.text:SysCtlClockGet</name>
         <load_address>0x235c</load_address>
         <run_address>0x235c</run_address>
         <size>0x110</size>
         <input_file_ref idref="fl-10"/>
      </object_component>
      <object_component id="oc-23d">
         <name>.text</name>
         <load_address>0x246c</load_address>
         <run_address>0x246c</run_address>
         <size>0xfc</size>
         <input_file_ref idref="fl-14c"/>
      </object_component>
      <object_component id="oc-99">
         <name>.text:I2CMIntHandler</name>
         <load_address>0x2568</load_address>
         <run_address>0x2568</run_address>
         <size>0xf2</size>
         <input_file_ref idref="fl-145"/>
      </object_component>
      <object_component id="oc-27c">
         <name>.text</name>
         <load_address>0x265c</load_address>
         <run_address>0x265c</run_address>
         <size>0xb4</size>
         <input_file_ref idref="fl-149"/>
      </object_component>
      <object_component id="oc-10a">
         <name>.text:CompDCMStart</name>
         <load_address>0x2710</load_address>
         <run_address>0x2710</run_address>
         <size>0xb0</size>
         <input_file_ref idref="fl-144"/>
      </object_component>
      <object_component id="oc-333">
         <name>.text</name>
         <load_address>0x27c0</load_address>
         <run_address>0x27c0</run_address>
         <size>0xa8</size>
         <input_file_ref idref="fl-150"/>
      </object_component>
      <object_component id="oc-f2">
         <name>.text:MPU9150DataMagnetoGetFloat</name>
         <load_address>0x2868</load_address>
         <run_address>0x2868</run_address>
         <size>0x9c</size>
         <input_file_ref idref="fl-146"/>
      </object_component>
      <object_component id="oc-da">
         <name>.text:MPU9150Write</name>
         <load_address>0x2904</load_address>
         <run_address>0x2904</run_address>
         <size>0x9c</size>
         <input_file_ref idref="fl-146"/>
      </object_component>
      <object_component id="oc-45">
         <name>.text</name>
         <load_address>0x29a0</load_address>
         <run_address>0x29a0</run_address>
         <size>0x9c</size>
         <input_file_ref idref="fl-13a"/>
      </object_component>
      <object_component id="oc-1e2">
         <name>.text:I2CMStateIdle</name>
         <load_address>0x2a3c</load_address>
         <run_address>0x2a3c</run_address>
         <size>0x98</size>
         <input_file_ref idref="fl-145"/>
      </object_component>
      <object_component id="oc-18c">
         <name>.text:I2CMCommand</name>
         <load_address>0x2ad4</load_address>
         <run_address>0x2ad4</run_address>
         <size>0x88</size>
         <input_file_ref idref="fl-145"/>
      </object_component>
      <object_component id="oc-e6">
         <name>.text:MPU9150DataAccelGetFloat</name>
         <load_address>0x2b5c</load_address>
         <run_address>0x2b5c</run_address>
         <size>0x7c</size>
         <input_file_ref idref="fl-146"/>
      </object_component>
      <object_component id="oc-ec">
         <name>.text:MPU9150DataGyroGetFloat</name>
         <load_address>0x2bd8</load_address>
         <run_address>0x2bd8</run_address>
         <size>0x7c</size>
         <input_file_ref idref="fl-146"/>
      </object_component>
      <object_component id="oc-5e">
         <name>.text</name>
         <load_address>0x2c54</load_address>
         <run_address>0x2c54</run_address>
         <size>0x7a</size>
         <input_file_ref idref="fl-13b"/>
      </object_component>
      <object_component id="oc-d4">
         <name>.text:MPU9150Init</name>
         <load_address>0x2cd0</load_address>
         <run_address>0x2cd0</run_address>
         <size>0x6c</size>
         <input_file_ref idref="fl-146"/>
      </object_component>
      <object_component id="oc-70">
         <name>.text</name>
         <load_address>0x2d3c</load_address>
         <run_address>0x2d3c</run_address>
         <size>0x6c</size>
         <input_file_ref idref="fl-141"/>
      </object_component>
      <object_component id="oc-51">
         <name>.text</name>
         <load_address>0x2da8</load_address>
         <run_address>0x2da8</run_address>
         <size>0x6a</size>
         <input_file_ref idref="fl-136"/>
      </object_component>
      <object_component id="oc-2c8">
         <name>.text:IntDisable</name>
         <load_address>0x2e14</load_address>
         <run_address>0x2e14</run_address>
         <size>0x68</size>
         <input_file_ref idref="fl-e"/>
      </object_component>
      <object_component id="oc-21c">
         <name>.text:IntEnable</name>
         <load_address>0x2e7c</load_address>
         <run_address>0x2e7c</run_address>
         <size>0x68</size>
         <input_file_ref idref="fl-e"/>
      </object_component>
      <object_component id="oc-2c2">
         <name>.text:IntIsEnabled</name>
         <load_address>0x2ee4</load_address>
         <run_address>0x2ee4</run_address>
         <size>0x64</size>
         <input_file_ref idref="fl-e"/>
      </object_component>
      <object_component id="oc-93">
         <name>.text:MPU9150DataRead</name>
         <load_address>0x2f48</load_address>
         <run_address>0x2f48</run_address>
         <size>0x60</size>
         <input_file_ref idref="fl-146"/>
      </object_component>
      <object_component id="oc-1d0">
         <name>.text:I2CMStateWritePause</name>
         <load_address>0x2fa8</load_address>
         <run_address>0x2fa8</run_address>
         <size>0x5e</size>
         <input_file_ref idref="fl-145"/>
      </object_component>
      <object_component id="oc-24b">
         <name>.text:VectorCrossProduct</name>
         <load_address>0x3006</load_address>
         <run_address>0x3006</run_address>
         <size>0x56</size>
         <input_file_ref idref="fl-147"/>
      </object_component>
      <object_component id="oc-22a">
         <name>.text:I2CMWrite8</name>
         <load_address>0x305c</load_address>
         <run_address>0x305c</run_address>
         <size>0x54</size>
         <input_file_ref idref="fl-145"/>
      </object_component>
      <object_component id="oc-1d6">
         <name>.text:I2CMStateWriteFinal</name>
         <load_address>0x30b0</load_address>
         <run_address>0x30b0</run_address>
         <size>0x50</size>
         <input_file_ref idref="fl-145"/>
      </object_component>
      <object_component id="oc-24">
         <name>.text</name>
         <load_address>0x3100</load_address>
         <run_address>0x3100</run_address>
         <size>0x50</size>
         <input_file_ref idref="fl-134"/>
      </object_component>
      <object_component id="oc-14c">
         <name>.text</name>
         <load_address>0x3150</load_address>
         <run_address>0x3150</run_address>
         <size>0x50</size>
         <input_file_ref idref="fl-139"/>
      </object_component>
      <object_component id="oc-216">
         <name>.text:I2CMasterInitExpClk</name>
         <load_address>0x31a0</load_address>
         <run_address>0x31a0</run_address>
         <size>0x4c</size>
         <input_file_ref idref="fl-148"/>
      </object_component>
      <object_component id="oc-174">
         <name>.text</name>
         <load_address>0x31ec</load_address>
         <run_address>0x31ec</run_address>
         <size>0x4c</size>
         <input_file_ref idref="fl-142"/>
      </object_component>
      <object_component id="oc-1be">
         <name>.text:I2CMStateReadNext</name>
         <load_address>0x3238</load_address>
         <run_address>0x3238</run_address>
         <size>0x4a</size>
         <input_file_ref idref="fl-145"/>
      </object_component>
      <object_component id="oc-1dc">
         <name>.text:I2CMStateWriteNext</name>
         <load_address>0x3282</load_address>
         <run_address>0x3282</run_address>
         <size>0x48</size>
         <input_file_ref idref="fl-145"/>
      </object_component>
      <object_component id="oc-242">
         <name>.text</name>
         <load_address>0x32ca</load_address>
         <run_address>0x32ca</run_address>
         <size>0x48</size>
         <input_file_ref idref="fl-14d"/>
      </object_component>
      <object_component id="oc-e0">
         <name>.text:CompDCMInit</name>
         <load_address>0x3314</load_address>
         <run_address>0x3314</run_address>
         <size>0x44</size>
         <input_file_ref idref="fl-144"/>
      </object_component>
      <object_component id="oc-1a6">
         <name>.text:I2CMStateCallback</name>
         <load_address>0x3358</load_address>
         <run_address>0x3358</run_address>
         <size>0x44</size>
         <input_file_ref idref="fl-145"/>
      </object_component>
      <object_component id="oc-7c">
         <name>.text</name>
         <load_address>0x339c</load_address>
         <run_address>0x339c</run_address>
         <size>0x44</size>
         <input_file_ref idref="fl-138"/>
      </object_component>
      <object_component id="oc-116">
         <name>.text:CompDCMComputeEulers</name>
         <load_address>0x33e0</load_address>
         <run_address>0x33e0</run_address>
         <size>0x42</size>
         <input_file_ref idref="fl-144"/>
      </object_component>
      <object_component id="oc-1b8">
         <name>.text:I2CMStateReadFinal</name>
         <load_address>0x3422</load_address>
         <run_address>0x3422</run_address>
         <size>0x42</size>
         <input_file_ref idref="fl-145"/>
      </object_component>
      <object_component id="oc-315">
         <name>.text:I2CMWrite8Callback</name>
         <load_address>0x3464</load_address>
         <run_address>0x3464</run_address>
         <size>0x40</size>
         <input_file_ref idref="fl-145"/>
      </object_component>
      <object_component id="oc-396">
         <name>.text</name>
         <load_address>0x34a4</load_address>
         <run_address>0x34a4</run_address>
         <size>0x40</size>
         <input_file_ref idref="fl-157"/>
      </object_component>
      <object_component id="oc-140">
         <name>.text</name>
         <load_address>0x34e4</load_address>
         <run_address>0x34e4</run_address>
         <size>0x40</size>
         <input_file_ref idref="fl-13e"/>
      </object_component>
      <object_component id="oc-1b2">
         <name>.text:I2CMStateReadPause</name>
         <load_address>0x3524</load_address>
         <run_address>0x3524</run_address>
         <size>0x3e</size>
         <input_file_ref idref="fl-145"/>
      </object_component>
      <object_component id="oc-238">
         <name>.text</name>
         <load_address>0x3562</load_address>
         <run_address>0x3562</run_address>
         <size>0x38</size>
         <input_file_ref idref="fl-14e"/>
      </object_component>
      <object_component id="oc-ce">
         <name>.text:I2CMInit</name>
         <load_address>0x359a</load_address>
         <run_address>0x359a</run_address>
         <size>0x34</size>
         <input_file_ref idref="fl-145"/>
      </object_component>
      <object_component id="oc-368">
         <name>.text</name>
         <load_address>0x35d0</load_address>
         <run_address>0x35d0</run_address>
         <size>0x34</size>
         <input_file_ref idref="fl-155"/>
      </object_component>
      <object_component id="oc-264">
         <name>.text:VectorAdd</name>
         <load_address>0x3604</load_address>
         <run_address>0x3604</run_address>
         <size>0x32</size>
         <input_file_ref idref="fl-147"/>
      </object_component>
      <object_component id="oc-35f">
         <name>.text:I2CMTransferResume</name>
         <load_address>0x3636</load_address>
         <run_address>0x3636</run_address>
         <size>0x30</size>
         <input_file_ref idref="fl-145"/>
      </object_component>
      <object_component id="oc-326">
         <name>.text</name>
         <load_address>0x3668</load_address>
         <run_address>0x3668</run_address>
         <size>0x30</size>
         <input_file_ref idref="fl-152"/>
      </object_component>
      <object_component id="oc-386">
         <name>.text</name>
         <load_address>0x3698</load_address>
         <run_address>0x3698</run_address>
         <size>0x2e</size>
         <input_file_ref idref="fl-156"/>
      </object_component>
      <object_component id="oc-26f">
         <name>.text</name>
         <load_address>0x36c6</load_address>
         <run_address>0x36c6</run_address>
         <size>0x2c</size>
         <input_file_ref idref="fl-151"/>
      </object_component>
      <object_component id="oc-208">
         <name>.text:GPIODirModeSet</name>
         <load_address>0x36f2</load_address>
         <run_address>0x36f2</run_address>
         <size>0x2a</size>
         <input_file_ref idref="fl-d"/>
      </object_component>
      <object_component id="oc-1c4">
         <name>.text:I2CMStateReadFirst</name>
         <load_address>0x371c</load_address>
         <run_address>0x371c</run_address>
         <size>0x2a</size>
         <input_file_ref idref="fl-145"/>
      </object_component>
      <object_component id="oc-251">
         <name>.text:VectorDotProduct</name>
         <load_address>0x3746</load_address>
         <run_address>0x3746</run_address>
         <size>0x26</size>
         <input_file_ref idref="fl-147"/>
      </object_component>
      <object_component id="oc-25d">
         <name>.text:VectorScale</name>
         <load_address>0x376c</load_address>
         <run_address>0x376c</run_address>
         <size>0x26</size>
         <input_file_ref idref="fl-147"/>
      </object_component>
      <object_component id="oc-257">
         <name>.text</name>
         <load_address>0x3794</load_address>
         <run_address>0x3794</run_address>
         <size>0x24</size>
         <input_file_ref idref="fl-14f"/>
      </object_component>
      <object_component id="oc-b5">
         <name>.text:PWMGenConfigure</name>
         <load_address>0x37b8</load_address>
         <run_address>0x37b8</run_address>
         <size>0x22</size>
         <input_file_ref idref="fl-f"/>
      </object_component>
      <object_component id="oc-1ca">
         <name>.text:I2CMStateReadOne</name>
         <load_address>0x37da</load_address>
         <run_address>0x37da</run_address>
         <size>0x20</size>
         <input_file_ref idref="fl-145"/>
      </object_component>
      <object_component id="oc-1ac">
         <name>.text:I2CMStateReadWait</name>
         <load_address>0x37fa</load_address>
         <run_address>0x37fa</run_address>
         <size>0x1a</size>
         <input_file_ref idref="fl-145"/>
      </object_component>
      <object_component id="oc-76">
         <name>.text</name>
         <load_address>0x3814</load_address>
         <run_address>0x3814</run_address>
         <size>0x18</size>
         <input_file_ref idref="fl-140"/>
      </object_component>
      <object_component id="oc-2b2">
         <name>.text</name>
         <load_address>0x382c</load_address>
         <run_address>0x382c</run_address>
         <size>0x14</size>
         <input_file_ref idref="fl-13f"/>
      </object_component>
      <object_component id="oc-c1">
         <name>.text:GPIOPinTypeI2CSCL</name>
         <load_address>0x3840</load_address>
         <run_address>0x3840</run_address>
         <size>0x12</size>
         <input_file_ref idref="fl-d"/>
      </object_component>
      <object_component id="oc-bb">
         <name>.text:PWMGenPeriodSet</name>
         <load_address>0x3852</load_address>
         <run_address>0x3852</run_address>
         <size>0x10</size>
         <input_file_ref idref="fl-f"/>
      </object_component>
      <object_component id="oc-fe">
         <name>.text:CompDCMAccelUpdate</name>
         <load_address>0x3862</load_address>
         <run_address>0x3862</run_address>
         <size>0xe</size>
         <input_file_ref idref="fl-144"/>
      </object_component>
      <object_component id="oc-104">
         <name>.text:CompDCMGyroUpdate</name>
         <load_address>0x3870</load_address>
         <run_address>0x3870</run_address>
         <size>0xe</size>
         <input_file_ref idref="fl-144"/>
      </object_component>
      <object_component id="oc-f8">
         <name>.text:CompDCMMagnetoUpdate</name>
         <load_address>0x387e</load_address>
         <run_address>0x387e</run_address>
         <size>0xe</size>
         <input_file_ref idref="fl-144"/>
      </object_component>
      <object_component id="oc-87">
         <name>.text:GPIOIntStatus</name>
         <load_address>0x388c</load_address>
         <run_address>0x388c</run_address>
         <size>0xe</size>
         <input_file_ref idref="fl-d"/>
      </object_component>
      <object_component id="oc-12">
         <name>.text:decompress:none</name>
         <load_address>0x389a</load_address>
         <run_address>0x389a</run_address>
         <size>0xe</size>
         <input_file_ref idref="fl-135"/>
      </object_component>
      <object_component id="oc-c7">
         <name>.text:GPIOIntEnable</name>
         <load_address>0x38a8</load_address>
         <run_address>0x38a8</run_address>
         <size>0xc</size>
         <input_file_ref idref="fl-d"/>
      </object_component>
      <object_component id="oc-2ce">
         <name>.text:IntTrigger</name>
         <load_address>0x38b4</load_address>
         <run_address>0x38b4</run_address>
         <size>0xc</size>
         <input_file_ref idref="fl-e"/>
      </object_component>
      <object_component id="oc-1e">
         <name>.text:decompress:ZI</name>
         <load_address>0x38c0</load_address>
         <run_address>0x38c0</run_address>
         <size>0xc</size>
         <input_file_ref idref="fl-137"/>
      </object_component>
      <object_component id="oc-2a">
         <name>.text</name>
         <load_address>0x38cc</load_address>
         <run_address>0x38cc</run_address>
         <size>0xc</size>
         <input_file_ref idref="fl-3"/>
      </object_component>
      <object_component id="oc-308">
         <name>.text:I2CMasterEnable</name>
         <load_address>0x38d8</load_address>
         <run_address>0x38d8</run_address>
         <size>0xa</size>
         <input_file_ref idref="fl-148"/>
      </object_component>
      <object_component id="oc-19a">
         <name>.text:I2CMasterIntClear</name>
         <load_address>0x38e2</load_address>
         <run_address>0x38e2</run_address>
         <size>0x8</size>
         <input_file_ref idref="fl-148"/>
      </object_component>
      <object_component id="oc-222">
         <name>.text:I2CMasterIntEnableEx</name>
         <load_address>0x38ea</load_address>
         <run_address>0x38ea</run_address>
         <size>0x8</size>
         <input_file_ref idref="fl-148"/>
      </object_component>
      <object_component id="oc-2eb">
         <name>.text:I2CMasterSlaveAddrSet</name>
         <load_address>0x38f2</load_address>
         <run_address>0x38f2</run_address>
         <size>0x8</size>
         <input_file_ref idref="fl-148"/>
      </object_component>
      <object_component id="oc-8d">
         <name>.text:GPIOIntClear</name>
         <load_address>0x38fa</load_address>
         <run_address>0x38fa</run_address>
         <size>0x6</size>
         <input_file_ref idref="fl-d"/>
      </object_component>
      <object_component id="oc-9f">
         <name>.text:UARTClockSourceSet</name>
         <load_address>0x3900</load_address>
         <run_address>0x3900</run_address>
         <size>0x6</size>
         <input_file_ref idref="fl-11"/>
      </object_component>
      <object_component id="oc-18">
         <name>.text:decompress:rle24</name>
         <load_address>0x3906</load_address>
         <run_address>0x3906</run_address>
         <size>0x6</size>
         <input_file_ref idref="fl-136"/>
      </object_component>
      <object_component id="oc-1a0">
         <name>.text:I2CMasterControl</name>
         <load_address>0x390c</load_address>
         <run_address>0x390c</run_address>
         <size>0x4</size>
         <input_file_ref idref="fl-148"/>
      </object_component>
      <object_component id="oc-2e1">
         <name>.text:I2CMasterDataGet</name>
         <load_address>0x3910</load_address>
         <run_address>0x3910</run_address>
         <size>0x4</size>
         <input_file_ref idref="fl-148"/>
      </object_component>
      <object_component id="oc-2f3">
         <name>.text:I2CMasterDataPut</name>
         <load_address>0x3914</load_address>
         <run_address>0x3914</run_address>
         <size>0x4</size>
         <input_file_ref idref="fl-148"/>
      </object_component>
      <object_component id="oc-6a">
         <name>.text</name>
         <load_address>0x3918</load_address>
         <run_address>0x3918</run_address>
         <size>0x4</size>
         <input_file_ref idref="fl-13c"/>
      </object_component>
      <object_component id="oc-30f">
         <name>.const</name>
         <load_address>0x391c</load_address>
         <run_address>0x391c</run_address>
         <size>0x70</size>
         <input_file_ref idref="fl-e"/>
      </object_component>
      <object_component id="oc-201">
         <name>.const:g_pui32Xtals</name>
         <load_address>0x398c</load_address>
         <run_address>0x398c</run_address>
         <size>0x6c</size>
         <input_file_ref idref="fl-10"/>
      </object_component>
      <object_component id="oc-376">
         <name>.const</name>
         <load_address>0x39f8</load_address>
         <run_address>0x39f8</run_address>
         <size>0x34</size>
         <input_file_ref idref="fl-150"/>
      </object_component>
      <object_component id="oc-134">
         <name>.const</name>
         <load_address>0x3a2c</load_address>
         <run_address>0x3a2c</run_address>
         <size>0x28</size>
         <input_file_ref idref="fl-4"/>
      </object_component>
      <object_component id="oc-233">
         <name>.const</name>
         <load_address>0x3a54</load_address>
         <run_address>0x3a54</run_address>
         <size>0x20</size>
         <input_file_ref idref="fl-146"/>
      </object_component>
      <object_component id="oc-288">
         <name>.const:.string</name>
         <load_address>0x3a74</load_address>
         <run_address>0x3a74</run_address>
         <size>0x12</size>
         <input_file_ref idref="fl-4"/>
      </object_component>
      <object_component id="oc-3de">
         <name>.cinit..data.load</name>
         <load_address>0x3a88</load_address>
         <run_address>0x3a88</run_address>
         <size>0x3f</size>
      </object_component>
      <object_component id="oc-3dc">
         <name>__TI_handler_table</name>
         <load_address>0x3ac8</load_address>
         <run_address>0x3ac8</run_address>
         <size>0xc</size>
      </object_component>
      <object_component id="oc-3df">
         <name>.cinit..bss.load</name>
         <load_address>0x3ad8</load_address>
         <run_address>0x3ad8</run_address>
         <size>0x8</size>
      </object_component>
      <object_component id="oc-3dd">
         <name>__TI_cinit_table</name>
         <load_address>0x3ae0</load_address>
         <run_address>0x3ae0</run_address>
         <size>0x10</size>
      </object_component>
      <object_component id="oc-29">
         <name>.stack</name>
         <uninitialized>true</uninitialized>
         <run_address>0x20000698</run_address>
         <size>0x0</size>
         <input_file_ref idref="fl-134"/>
      </object_component>
      <object_component id="oc-3e0">
         <name>.stack</name>
         <uninitialized>true</uninitialized>
         <run_address>0x20000698</run_address>
         <size>0x0</size>
      </object_component>
      <object_component id="oc-ac">
         <name>.bss:g_sI2CInst</name>
         <uninitialized>true</uninitialized>
         <run_address>0x20000400</run_address>
         <size>0x124</size>
         <input_file_ref idref="fl-2"/>
      </object_component>
      <object_component id="oc-a9">
         <name>.bss:g_sMPU9150Inst</name>
         <uninitialized>true</uninitialized>
         <run_address>0x200005a4</run_address>
         <size>0x6c</size>
         <input_file_ref idref="fl-2"/>
      </object_component>
      <object_component id="oc-122">
         <name>.bss:g_sCompDCMInst</name>
         <uninitialized>true</uninitialized>
         <run_address>0x20000610</run_address>
         <size>0x58</size>
         <input_file_ref idref="fl-2"/>
      </object_component>
      <object_component id="oc-13a">
         <name>.bss:g_pcUARTTxBuffer</name>
         <uninitialized>true</uninitialized>
         <run_address>0x20000000</run_address>
         <size>0x400</size>
         <input_file_ref idref="fl-4"/>
      </object_component>
      <object_component id="oc-13d">
         <name>.bss:g_pcUARTRxBuffer</name>
         <uninitialized>true</uninitialized>
         <run_address>0x20000524</run_address>
         <size>0x80</size>
         <input_file_ref idref="fl-4"/>
      </object_component>
      <object_component id="oc-cd">
         <name>.common:g_pui32Colors</name>
         <uninitialized>true</uninitialized>
         <run_address>0x20000668</run_address>
         <size>0xc</size>
      </object_component>
      <object_component id="oc-a5">
         <name>.common:g_vui8I2CDoneFlag</name>
         <uninitialized>true</uninitialized>
         <run_address>0x2000068c</run_address>
         <size>0x4</size>
      </object_component>
      <object_component id="oc-a8">
         <name>.common:g_vui8ErrorFlag</name>
         <uninitialized>true</uninitialized>
         <run_address>0x20000688</run_address>
         <size>0x4</size>
      </object_component>
      <object_component id="oc-125">
         <name>.common:g_ui32PrintSkipCounter</name>
         <uninitialized>true</uninitialized>
         <run_address>0x20000684</run_address>
         <size>0x4</size>
      </object_component>
      <object_component id="oc-145">
         <name>.common:g_bDisableEcho</name>
         <uninitialized>true</uninitialized>
         <run_address>0x20000694</run_address>
         <size>0x1</size>
      </object_component>
      <object_component id="oc-137">
         <name>.common:g_ui32PortNum</name>
         <uninitialized>true</uninitialized>
         <run_address>0x20000680</run_address>
         <size>0x4</size>
      </object_component>
      <object_component id="oc-152">
         <name>.common:g_ui32Colors</name>
         <uninitialized>true</uninitialized>
         <run_address>0x20000674</run_address>
         <size>0xc</size>
      </object_component>
      <object_component id="oc-151">
         <name>.common:ulFlags$1</name>
         <uninitialized>true</uninitialized>
         <run_address>0x20000690</run_address>
         <size>0x4</size>
      </object_component>
      <object_component id="oc-131">
         <name>.data</name>
         <load_address>0x200009b0</load_address>
         <run_address>0x200009b0</run_address>
         <size>0x15</size>
         <input_file_ref idref="fl-4"/>
      </object_component>
      <object_component id="oc-155">
         <name>.data</name>
         <load_address>0x200009e0</load_address>
         <run_address>0x200009e0</run_address>
         <size>0x4</size>
         <input_file_ref idref="fl-5"/>
      </object_component>
      <object_component id="oc-181">
         <name>.data</name>
         <load_address>0x200009d0</load_address>
         <run_address>0x200009d0</run_address>
         <size>0x8</size>
         <input_file_ref idref="fl-138"/>
      </object_component>
      <object_component id="oc-82">
         <name>.data</name>
         <load_address>0x200009e8</load_address>
         <run_address>0x200009e8</run_address>
         <size>0x4</size>
         <input_file_ref idref="fl-13d"/>
      </object_component>
      <object_component id="oc-17e">
         <name>.data</name>
         <load_address>0x200009c8</load_address>
         <run_address>0x200009c8</run_address>
         <size>0x8</size>
         <input_file_ref idref="fl-13f"/>
      </object_component>
      <object_component id="oc-33b">
         <name>.data</name>
         <load_address>0x20000948</load_address>
         <run_address>0x20000948</run_address>
         <size>0x68</size>
         <input_file_ref idref="fl-153"/>
      </object_component>
      <object_component id="oc-36e">
         <name>.data</name>
         <load_address>0x200009e4</load_address>
         <run_address>0x200009e4</run_address>
         <size>0x4</size>
         <input_file_ref idref="fl-154"/>
      </object_component>
      <object_component id="oc-38c">
         <name>.data</name>
         <load_address>0x200009d8</load_address>
         <run_address>0x200009d8</run_address>
         <size>0x8</size>
         <input_file_ref idref="fl-155"/>
      </object_component>
      <object_component id="oc-3a9">
         <name>.data:sigtable</name>
         <load_address>0x20000898</load_address>
         <run_address>0x20000898</run_address>
         <size>0xb0</size>
         <input_file_ref idref="fl-157"/>
      </object_component>
      <object_component id="oc-a6">
         <name>.debug_info</name>
         <load_address>0x0</load_address>
         <run_address>0x0</run_address>
         <size>0xa5b</size>
         <input_file_ref idref="fl-2"/>
      </object_component>
      <object_component id="oc-ad">
         <name>.debug_info</name>
         <load_address>0xa5b</load_address>
         <run_address>0xa5b</run_address>
         <size>0xdc</size>
         <input_file_ref idref="fl-2"/>
      </object_component>
      <object_component id="oc-aa">
         <name>.debug_info</name>
         <load_address>0xb37</load_address>
         <run_address>0xb37</run_address>
         <size>0xe4</size>
         <input_file_ref idref="fl-2"/>
      </object_component>
      <object_component id="oc-123">
         <name>.debug_info</name>
         <load_address>0xc1b</load_address>
         <run_address>0xc1b</run_address>
         <size>0xe4</size>
         <input_file_ref idref="fl-2"/>
      </object_component>
      <object_component id="oc-31">
         <name>.debug_info</name>
         <load_address>0xcff</load_address>
         <run_address>0xcff</run_address>
         <size>0xb4e</size>
         <input_file_ref idref="fl-2"/>
      </object_component>
      <object_component id="oc-1ee">
         <name>.debug_info</name>
         <load_address>0x184d</load_address>
         <run_address>0x184d</run_address>
         <size>0x4e6</size>
         <input_file_ref idref="fl-2"/>
      </object_component>
      <object_component id="oc-2d8">
         <name>.debug_info</name>
         <load_address>0x1d33</load_address>
         <run_address>0x1d33</run_address>
         <size>0x108</size>
         <input_file_ref idref="fl-2"/>
      </object_component>
      <object_component id="oc-1f3">
         <name>.debug_info</name>
         <load_address>0x1e3b</load_address>
         <run_address>0x1e3b</run_address>
         <size>0x16c</size>
         <input_file_ref idref="fl-2"/>
      </object_component>
      <object_component id="oc-1f8">
         <name>.debug_info</name>
         <load_address>0x1fa7</load_address>
         <run_address>0x1fa7</run_address>
         <size>0xd6</size>
         <input_file_ref idref="fl-2"/>
      </object_component>
      <object_component id="oc-12c">
         <name>.debug_info</name>
         <load_address>0x207d</load_address>
         <run_address>0x207d</run_address>
         <size>0x8b</size>
         <input_file_ref idref="fl-2"/>
      </object_component>
      <object_component id="oc-127">
         <name>.debug_info</name>
         <load_address>0x2108</load_address>
         <run_address>0x2108</run_address>
         <size>0x18b</size>
         <input_file_ref idref="fl-2"/>
      </object_component>
      <object_component id="oc-147">
         <name>.debug_info</name>
         <load_address>0x2293</load_address>
         <run_address>0x2293</run_address>
         <size>0x4e</size>
         <input_file_ref idref="fl-2"/>
      </object_component>
      <object_component id="oc-44">
         <name>.debug_info</name>
         <load_address>0x22e1</load_address>
         <run_address>0x22e1</run_address>
         <size>0x1a4</size>
         <input_file_ref idref="fl-3"/>
      </object_component>
      <object_component id="oc-10">
         <name>.debug_info</name>
         <load_address>0x2485</load_address>
         <run_address>0x2485</run_address>
         <size>0xe7</size>
         <input_file_ref idref="fl-3"/>
      </object_component>
      <object_component id="oc-2b">
         <name>.debug_info</name>
         <load_address>0x256c</load_address>
         <run_address>0x256c</run_address>
         <size>0x1fb</size>
         <input_file_ref idref="fl-3"/>
      </object_component>
      <object_component id="oc-159">
         <name>.debug_info</name>
         <load_address>0x2767</load_address>
         <run_address>0x2767</run_address>
         <size>0x84</size>
         <input_file_ref idref="fl-3"/>
      </object_component>
      <object_component id="oc-138">
         <name>.debug_info</name>
         <load_address>0x27eb</load_address>
         <run_address>0x27eb</run_address>
         <size>0x19d</size>
         <input_file_ref idref="fl-4"/>
      </object_component>
      <object_component id="oc-13b">
         <name>.debug_info</name>
         <load_address>0x2988</load_address>
         <run_address>0x2988</run_address>
         <size>0x111</size>
         <input_file_ref idref="fl-4"/>
      </object_component>
      <object_component id="oc-132">
         <name>.debug_info</name>
         <load_address>0x2a99</load_address>
         <run_address>0x2a99</run_address>
         <size>0x1f1</size>
         <input_file_ref idref="fl-4"/>
      </object_component>
      <object_component id="oc-13e">
         <name>.debug_info</name>
         <load_address>0x2c8a</load_address>
         <run_address>0x2c8a</run_address>
         <size>0x111</size>
         <input_file_ref idref="fl-4"/>
      </object_component>
      <object_component id="oc-135">
         <name>.debug_info</name>
         <load_address>0x2d9b</load_address>
         <run_address>0x2d9b</run_address>
         <size>0x185</size>
         <input_file_ref idref="fl-4"/>
      </object_component>
      <object_component id="oc-37">
         <name>.debug_info</name>
         <load_address>0x2f20</load_address>
         <run_address>0x2f20</run_address>
         <size>0x15f9</size>
         <input_file_ref idref="fl-4"/>
      </object_component>
      <object_component id="oc-153">
         <name>.debug_info</name>
         <load_address>0x4519</load_address>
         <run_address>0x4519</run_address>
         <size>0x187</size>
         <input_file_ref idref="fl-5"/>
      </object_component>
      <object_component id="oc-156">
         <name>.debug_info</name>
         <load_address>0x46a0</load_address>
         <run_address>0x46a0</run_address>
         <size>0x133</size>
         <input_file_ref idref="fl-5"/>
      </object_component>
      <object_component id="oc-3d">
         <name>.debug_info</name>
         <load_address>0x47d3</load_address>
         <run_address>0x47d3</run_address>
         <size>0xd7c</size>
         <input_file_ref idref="fl-5"/>
      </object_component>
      <object_component id="oc-18a">
         <name>.debug_info</name>
         <load_address>0x554f</load_address>
         <run_address>0x554f</run_address>
         <size>0x230</size>
         <input_file_ref idref="fl-d"/>
      </object_component>
      <object_component id="oc-209">
         <name>.debug_info</name>
         <load_address>0x577f</load_address>
         <run_address>0x577f</run_address>
         <size>0x2b3</size>
         <input_file_ref idref="fl-d"/>
      </object_component>
      <object_component id="oc-20f">
         <name>.debug_info</name>
         <load_address>0x5a32</load_address>
         <run_address>0x5a32</run_address>
         <size>0x316</size>
         <input_file_ref idref="fl-d"/>
      </object_component>
      <object_component id="oc-c2">
         <name>.debug_info</name>
         <load_address>0x5d48</load_address>
         <run_address>0x5d48</run_address>
         <size>0x27f</size>
         <input_file_ref idref="fl-d"/>
      </object_component>
      <object_component id="oc-88">
         <name>.debug_info</name>
         <load_address>0x5fc7</load_address>
         <run_address>0x5fc7</run_address>
         <size>0x27f</size>
         <input_file_ref idref="fl-d"/>
      </object_component>
      <object_component id="oc-c8">
         <name>.debug_info</name>
         <load_address>0x6246</load_address>
         <run_address>0x6246</run_address>
         <size>0x28f</size>
         <input_file_ref idref="fl-d"/>
      </object_component>
      <object_component id="oc-8e">
         <name>.debug_info</name>
         <load_address>0x64d5</load_address>
         <run_address>0x64d5</run_address>
         <size>0x28d</size>
         <input_file_ref idref="fl-d"/>
      </object_component>
      <object_component id="oc-313">
         <name>.debug_info</name>
         <load_address>0x6762</load_address>
         <run_address>0x6762</run_address>
         <size>0x20e</size>
         <input_file_ref idref="fl-e"/>
      </object_component>
      <object_component id="oc-310">
         <name>.debug_info</name>
         <load_address>0x6970</load_address>
         <run_address>0x6970</run_address>
         <size>0x210</size>
         <input_file_ref idref="fl-e"/>
      </object_component>
      <object_component id="oc-2cf">
         <name>.debug_info</name>
         <load_address>0x6b80</load_address>
         <run_address>0x6b80</run_address>
         <size>0x26a</size>
         <input_file_ref idref="fl-e"/>
      </object_component>
      <object_component id="oc-2c3">
         <name>.debug_info</name>
         <load_address>0x6dea</load_address>
         <run_address>0x6dea</run_address>
         <size>0x2a1</size>
         <input_file_ref idref="fl-e"/>
      </object_component>
      <object_component id="oc-21d">
         <name>.debug_info</name>
         <load_address>0x708b</load_address>
         <run_address>0x708b</run_address>
         <size>0x268</size>
         <input_file_ref idref="fl-e"/>
      </object_component>
      <object_component id="oc-2ca">
         <name>.debug_info</name>
         <load_address>0x72f3</load_address>
         <run_address>0x72f3</run_address>
         <size>0x26a</size>
         <input_file_ref idref="fl-e"/>
      </object_component>
      <object_component id="oc-206">
         <name>.debug_info</name>
         <load_address>0x755d</load_address>
         <run_address>0x755d</run_address>
         <size>0x1ed</size>
         <input_file_ref idref="fl-f"/>
      </object_component>
      <object_component id="oc-bc">
         <name>.debug_info</name>
         <load_address>0x774a</load_address>
         <run_address>0x774a</run_address>
         <size>0x2b6</size>
         <input_file_ref idref="fl-f"/>
      </object_component>
      <object_component id="oc-b7">
         <name>.debug_info</name>
         <load_address>0x7a00</load_address>
         <run_address>0x7a00</run_address>
         <size>0x2b3</size>
         <input_file_ref idref="fl-f"/>
      </object_component>
      <object_component id="oc-303">
         <name>.debug_info</name>
         <load_address>0x7cb3</load_address>
         <run_address>0x7cb3</run_address>
         <size>0x27f</size>
         <input_file_ref idref="fl-10"/>
      </object_component>
      <object_component id="oc-202">
         <name>.debug_info</name>
         <load_address>0x7f32</load_address>
         <run_address>0x7f32</run_address>
         <size>0x14d</size>
         <input_file_ref idref="fl-10"/>
      </object_component>
      <object_component id="oc-b0">
         <name>.debug_info</name>
         <load_address>0x807f</load_address>
         <run_address>0x807f</run_address>
         <size>0x2b5</size>
         <input_file_ref idref="fl-10"/>
      </object_component>
      <object_component id="oc-355">
         <name>.debug_info</name>
         <load_address>0x8334</load_address>
         <run_address>0x8334</run_address>
         <size>0x5f</size>
         <input_file_ref idref="fl-10"/>
      </object_component>
      <object_component id="oc-1eb">
         <name>.debug_info</name>
         <load_address>0x8393</load_address>
         <run_address>0x8393</run_address>
         <size>0x227</size>
         <input_file_ref idref="fl-11"/>
      </object_component>
      <object_component id="oc-a0">
         <name>.debug_info</name>
         <load_address>0x85ba</load_address>
         <run_address>0x85ba</run_address>
         <size>0x291</size>
         <input_file_ref idref="fl-11"/>
      </object_component>
      <object_component id="oc-25">
         <name>.debug_info</name>
         <load_address>0x884b</load_address>
         <run_address>0x884b</run_address>
         <size>0x134</size>
         <input_file_ref idref="fl-134"/>
      </object_component>
      <object_component id="oc-50">
         <name>.debug_info</name>
         <load_address>0x897f</load_address>
         <run_address>0x897f</run_address>
         <size>0x121</size>
         <input_file_ref idref="fl-135"/>
      </object_component>
      <object_component id="oc-15">
         <name>.debug_info</name>
         <load_address>0x8aa0</load_address>
         <run_address>0x8aa0</run_address>
         <size>0x1c0</size>
         <input_file_ref idref="fl-135"/>
      </object_component>
      <object_component id="oc-4b">
         <name>.debug_info</name>
         <load_address>0x8c60</load_address>
         <run_address>0x8c60</run_address>
         <size>0x46</size>
         <input_file_ref idref="fl-135"/>
      </object_component>
      <object_component id="oc-161">
         <name>.debug_info</name>
         <load_address>0x8ca6</load_address>
         <run_address>0x8ca6</run_address>
         <size>0x2c</size>
         <input_file_ref idref="fl-135"/>
      </object_component>
      <object_component id="oc-58">
         <name>.debug_info</name>
         <load_address>0x8cd2</load_address>
         <run_address>0x8cd2</run_address>
         <size>0x115</size>
         <input_file_ref idref="fl-136"/>
      </object_component>
      <object_component id="oc-55">
         <name>.debug_info</name>
         <load_address>0x8de7</load_address>
         <run_address>0x8de7</run_address>
         <size>0x228</size>
         <input_file_ref idref="fl-136"/>
      </object_component>
      <object_component id="oc-1c">
         <name>.debug_info</name>
         <load_address>0x900f</load_address>
         <run_address>0x900f</run_address>
         <size>0x192</size>
         <input_file_ref idref="fl-136"/>
      </object_component>
      <object_component id="oc-59">
         <name>.debug_info</name>
         <load_address>0x91a1</load_address>
         <run_address>0x91a1</run_address>
         <size>0x39</size>
         <input_file_ref idref="fl-136"/>
      </object_component>
      <object_component id="oc-16b">
         <name>.debug_info</name>
         <load_address>0x91da</load_address>
         <run_address>0x91da</run_address>
         <size>0x2c</size>
         <input_file_ref idref="fl-136"/>
      </object_component>
      <object_component id="oc-69">
         <name>.debug_info</name>
         <load_address>0x9206</load_address>
         <run_address>0x9206</run_address>
         <size>0x110</size>
         <input_file_ref idref="fl-137"/>
      </object_component>
      <object_component id="oc-20">
         <name>.debug_info</name>
         <load_address>0x9316</load_address>
         <run_address>0x9316</run_address>
         <size>0x18b</size>
         <input_file_ref idref="fl-137"/>
      </object_component>
      <object_component id="oc-64">
         <name>.debug_info</name>
         <load_address>0x94a1</load_address>
         <run_address>0x94a1</run_address>
         <size>0x46</size>
         <input_file_ref idref="fl-137"/>
      </object_component>
      <object_component id="oc-185">
         <name>.debug_info</name>
         <load_address>0x94e7</load_address>
         <run_address>0x94e7</run_address>
         <size>0x172</size>
         <input_file_ref idref="fl-138"/>
      </object_component>
      <object_component id="oc-182">
         <name>.debug_info</name>
         <load_address>0x9659</load_address>
         <run_address>0x9659</run_address>
         <size>0x117</size>
         <input_file_ref idref="fl-138"/>
      </object_component>
      <object_component id="oc-7e">
         <name>.debug_info</name>
         <load_address>0x9770</load_address>
         <run_address>0x9770</run_address>
         <size>0x1ee</size>
         <input_file_ref idref="fl-138"/>
      </object_component>
      <object_component id="oc-14d">
         <name>.debug_info</name>
         <load_address>0x995e</load_address>
         <run_address>0x995e</run_address>
         <size>0x118</size>
         <input_file_ref idref="fl-139"/>
      </object_component>
      <object_component id="oc-46">
         <name>.debug_info</name>
         <load_address>0x9a76</load_address>
         <run_address>0x9a76</run_address>
         <size>0xf6</size>
         <input_file_ref idref="fl-13a"/>
      </object_component>
      <object_component id="oc-5f">
         <name>.debug_info</name>
         <load_address>0x9b6c</load_address>
         <run_address>0x9b6c</run_address>
         <size>0x124</size>
         <input_file_ref idref="fl-13b"/>
      </object_component>
      <object_component id="oc-6b">
         <name>.debug_info</name>
         <load_address>0x9c90</load_address>
         <run_address>0x9c90</run_address>
         <size>0x129</size>
         <input_file_ref idref="fl-13c"/>
      </object_component>
      <object_component id="oc-83">
         <name>.debug_info</name>
         <load_address>0x9db9</load_address>
         <run_address>0x9db9</run_address>
         <size>0xea</size>
         <input_file_ref idref="fl-13d"/>
      </object_component>
      <object_component id="oc-141">
         <name>.debug_info</name>
         <load_address>0x9ea3</load_address>
         <run_address>0x9ea3</run_address>
         <size>0x11f</size>
         <input_file_ref idref="fl-13e"/>
      </object_component>
      <object_component id="oc-2ba">
         <name>.debug_info</name>
         <load_address>0x9fc2</load_address>
         <run_address>0x9fc2</run_address>
         <size>0x105</size>
         <input_file_ref idref="fl-13f"/>
      </object_component>
      <object_component id="oc-17f">
         <name>.debug_info</name>
         <load_address>0xa0c7</load_address>
         <run_address>0xa0c7</run_address>
         <size>0xf4</size>
         <input_file_ref idref="fl-13f"/>
      </object_component>
      <object_component id="oc-2b4">
         <name>.debug_info</name>
         <load_address>0xa1bb</load_address>
         <run_address>0xa1bb</run_address>
         <size>0x200</size>
         <input_file_ref idref="fl-13f"/>
      </object_component>
      <object_component id="oc-17d">
         <name>.debug_info</name>
         <load_address>0xa3bb</load_address>
         <run_address>0xa3bb</run_address>
         <size>0x147</size>
         <input_file_ref idref="fl-140"/>
      </object_component>
      <object_component id="oc-79">
         <name>.debug_info</name>
         <load_address>0xa502</load_address>
         <run_address>0xa502</run_address>
         <size>0x148</size>
         <input_file_ref idref="fl-140"/>
      </object_component>
      <object_component id="oc-2ad">
         <name>.debug_info</name>
         <load_address>0xa64a</load_address>
         <run_address>0xa64a</run_address>
         <size>0x5e</size>
         <input_file_ref idref="fl-140"/>
      </object_component>
      <object_component id="oc-17b">
         <name>.debug_info</name>
         <load_address>0xa6a8</load_address>
         <run_address>0xa6a8</run_address>
         <size>0x29e</size>
         <input_file_ref idref="fl-141"/>
      </object_component>
      <object_component id="oc-73">
         <name>.debug_info</name>
         <load_address>0xa946</load_address>
         <run_address>0xa946</run_address>
         <size>0x158</size>
         <input_file_ref idref="fl-141"/>
      </object_component>
      <object_component id="oc-2a1">
         <name>.debug_info</name>
         <load_address>0xaa9e</load_address>
         <run_address>0xaa9e</run_address>
         <size>0x39</size>
         <input_file_ref idref="fl-141"/>
      </object_component>
      <object_component id="oc-2a6">
         <name>.debug_info</name>
         <load_address>0xaad7</load_address>
         <run_address>0xaad7</run_address>
         <size>0xcd</size>
         <input_file_ref idref="fl-141"/>
      </object_component>
      <object_component id="oc-29e">
         <name>.debug_info</name>
         <load_address>0xaba4</load_address>
         <run_address>0xaba4</run_address>
         <size>0x1c1</size>
         <input_file_ref idref="fl-142"/>
      </object_component>
      <object_component id="oc-176">
         <name>.debug_info</name>
         <load_address>0xad65</load_address>
         <run_address>0xad65</run_address>
         <size>0x164</size>
         <input_file_ref idref="fl-142"/>
      </object_component>
      <object_component id="oc-343">
         <name>.debug_info</name>
         <load_address>0xaec9</load_address>
         <run_address>0xaec9</run_address>
         <size>0x2c</size>
         <input_file_ref idref="fl-142"/>
      </object_component>
      <object_component id="oc-292">
         <name>.debug_info</name>
         <load_address>0xaef5</load_address>
         <run_address>0xaef5</run_address>
         <size>0x128</size>
         <input_file_ref idref="fl-143"/>
      </object_component>
      <object_component id="oc-232">
         <name>.debug_info</name>
         <load_address>0xb01d</load_address>
         <run_address>0xb01d</run_address>
         <size>0x2f0</size>
         <input_file_ref idref="fl-144"/>
      </object_component>
      <object_component id="oc-111">
         <name>.debug_info</name>
         <load_address>0xb30d</load_address>
         <run_address>0xb30d</run_address>
         <size>0x606</size>
         <input_file_ref idref="fl-144"/>
      </object_component>
      <object_component id="oc-10b">
         <name>.debug_info</name>
         <load_address>0xb913</load_address>
         <run_address>0xb913</run_address>
         <size>0x34a</size>
         <input_file_ref idref="fl-144"/>
      </object_component>
      <object_component id="oc-f9">
         <name>.debug_info</name>
         <load_address>0xbc5d</load_address>
         <run_address>0xbc5d</run_address>
         <size>0x300</size>
         <input_file_ref idref="fl-144"/>
      </object_component>
      <object_component id="oc-e2">
         <name>.debug_info</name>
         <load_address>0xbf5d</load_address>
         <run_address>0xbf5d</run_address>
         <size>0x306</size>
         <input_file_ref idref="fl-144"/>
      </object_component>
      <object_component id="oc-105">
         <name>.debug_info</name>
         <load_address>0xc263</load_address>
         <run_address>0xc263</run_address>
         <size>0x2d6</size>
         <input_file_ref idref="fl-144"/>
      </object_component>
      <object_component id="oc-11d">
         <name>.debug_info</name>
         <load_address>0xc539</load_address>
         <run_address>0xc539</run_address>
         <size>0x315</size>
         <input_file_ref idref="fl-144"/>
      </object_component>
      <object_component id="oc-117">
         <name>.debug_info</name>
         <load_address>0xc84e</load_address>
         <run_address>0xc84e</run_address>
         <size>0x2ff</size>
         <input_file_ref idref="fl-144"/>
      </object_component>
      <object_component id="oc-100">
         <name>.debug_info</name>
         <load_address>0xcb4d</load_address>
         <run_address>0xcb4d</run_address>
         <size>0x2e4</size>
         <input_file_ref idref="fl-144"/>
      </object_component>
      <object_component id="oc-1e9">
         <name>.debug_info</name>
         <load_address>0xce31</load_address>
         <run_address>0xce31</run_address>
         <size>0x44b</size>
         <input_file_ref idref="fl-145"/>
      </object_component>
      <object_component id="oc-18d">
         <name>.debug_info</name>
         <load_address>0xd27c</load_address>
         <run_address>0xd27c</run_address>
         <size>0x484</size>
         <input_file_ref idref="fl-145"/>
      </object_component>
      <object_component id="oc-360">
         <name>.debug_info</name>
         <load_address>0xd700</load_address>
         <run_address>0xd700</run_address>
         <size>0x2a2</size>
         <input_file_ref idref="fl-145"/>
      </object_component>
      <object_component id="oc-316">
         <name>.debug_info</name>
         <load_address>0xd9a2</load_address>
         <run_address>0xd9a2</run_address>
         <size>0x2eb</size>
         <input_file_ref idref="fl-145"/>
      </object_component>
      <object_component id="oc-22b">
         <name>.debug_info</name>
         <load_address>0xdc8d</load_address>
         <run_address>0xdc8d</run_address>
         <size>0x39f</size>
         <input_file_ref idref="fl-145"/>
      </object_component>
      <object_component id="oc-1a7">
         <name>.debug_info</name>
         <load_address>0xe02c</load_address>
         <run_address>0xe02c</run_address>
         <size>0x32c</size>
         <input_file_ref idref="fl-145"/>
      </object_component>
      <object_component id="oc-1ad">
         <name>.debug_info</name>
         <load_address>0xe358</load_address>
         <run_address>0xe358</run_address>
         <size>0x2a1</size>
         <input_file_ref idref="fl-145"/>
      </object_component>
      <object_component id="oc-1b3">
         <name>.debug_info</name>
         <load_address>0xe5f9</load_address>
         <run_address>0xe5f9</run_address>
         <size>0x2ba</size>
         <input_file_ref idref="fl-145"/>
      </object_component>
      <object_component id="oc-1b9">
         <name>.debug_info</name>
         <load_address>0xe8b3</load_address>
         <run_address>0xe8b3</run_address>
         <size>0x2c7</size>
         <input_file_ref idref="fl-145"/>
      </object_component>
      <object_component id="oc-1bf">
         <name>.debug_info</name>
         <load_address>0xeb7a</load_address>
         <run_address>0xeb7a</run_address>
         <size>0x2c5</size>
         <input_file_ref idref="fl-145"/>
      </object_component>
      <object_component id="oc-1c5">
         <name>.debug_info</name>
         <load_address>0xee3f</load_address>
         <run_address>0xee3f</run_address>
         <size>0x2bf</size>
         <input_file_ref idref="fl-145"/>
      </object_component>
      <object_component id="oc-1cb">
         <name>.debug_info</name>
         <load_address>0xf0fe</load_address>
         <run_address>0xf0fe</run_address>
         <size>0x2bb</size>
         <input_file_ref idref="fl-145"/>
      </object_component>
      <object_component id="oc-1d1">
         <name>.debug_info</name>
         <load_address>0xf3b9</load_address>
         <run_address>0xf3b9</run_address>
         <size>0x2ea</size>
         <input_file_ref idref="fl-145"/>
      </object_component>
      <object_component id="oc-1d7">
         <name>.debug_info</name>
         <load_address>0xf6a3</load_address>
         <run_address>0xf6a3</run_address>
         <size>0x2e0</size>
         <input_file_ref idref="fl-145"/>
      </object_component>
      <object_component id="oc-1dd">
         <name>.debug_info</name>
         <load_address>0xf983</load_address>
         <run_address>0xf983</run_address>
         <size>0x2c7</size>
         <input_file_ref idref="fl-145"/>
      </object_component>
      <object_component id="oc-1e3">
         <name>.debug_info</name>
         <load_address>0xfc4a</load_address>
         <run_address>0xfc4a</run_address>
         <size>0x32d</size>
         <input_file_ref idref="fl-145"/>
      </object_component>
      <object_component id="oc-9a">
         <name>.debug_info</name>
         <load_address>0xff77</load_address>
         <run_address>0xff77</run_address>
         <size>0x3f3</size>
         <input_file_ref idref="fl-145"/>
      </object_component>
      <object_component id="oc-cf">
         <name>.debug_info</name>
         <load_address>0x1036a</load_address>
         <run_address>0x1036a</run_address>
         <size>0x350</size>
         <input_file_ref idref="fl-145"/>
      </object_component>
      <object_component id="oc-199">
         <name>.debug_info</name>
         <load_address>0x106ba</load_address>
         <run_address>0x106ba</run_address>
         <size>0x39c</size>
         <input_file_ref idref="fl-146"/>
      </object_component>
      <object_component id="oc-234">
         <name>.debug_info</name>
         <load_address>0x10a56</load_address>
         <run_address>0x10a56</run_address>
         <size>0x19c</size>
         <input_file_ref idref="fl-146"/>
      </object_component>
      <object_component id="oc-db">
         <name>.debug_info</name>
         <load_address>0x10bf2</load_address>
         <run_address>0x10bf2</run_address>
         <size>0x339</size>
         <input_file_ref idref="fl-146"/>
      </object_component>
      <object_component id="oc-d5">
         <name>.debug_info</name>
         <load_address>0x10f2b</load_address>
         <run_address>0x10f2b</run_address>
         <size>0x334</size>
         <input_file_ref idref="fl-146"/>
      </object_component>
      <object_component id="oc-94">
         <name>.debug_info</name>
         <load_address>0x1125f</load_address>
         <run_address>0x1125f</run_address>
         <size>0x2f0</size>
         <input_file_ref idref="fl-146"/>
      </object_component>
      <object_component id="oc-f3">
         <name>.debug_info</name>
         <load_address>0x1154f</load_address>
         <run_address>0x1154f</run_address>
         <size>0x3d4</size>
         <input_file_ref idref="fl-146"/>
      </object_component>
      <object_component id="oc-ed">
         <name>.debug_info</name>
         <load_address>0x11923</load_address>
         <run_address>0x11923</run_address>
         <size>0x304</size>
         <input_file_ref idref="fl-146"/>
      </object_component>
      <object_component id="oc-e7">
         <name>.debug_info</name>
         <load_address>0x11c27</load_address>
         <run_address>0x11c27</run_address>
         <size>0x312</size>
         <input_file_ref idref="fl-146"/>
      </object_component>
      <object_component id="oc-193">
         <name>.debug_info</name>
         <load_address>0x11f39</load_address>
         <run_address>0x11f39</run_address>
         <size>0x2c0</size>
         <input_file_ref idref="fl-146"/>
      </object_component>
      <object_component id="oc-324">
         <name>.debug_info</name>
         <load_address>0x121f9</load_address>
         <run_address>0x121f9</run_address>
         <size>0x13b</size>
         <input_file_ref idref="fl-147"/>
      </object_component>
      <object_component id="oc-25e">
         <name>.debug_info</name>
         <load_address>0x12334</load_address>
         <run_address>0x12334</run_address>
         <size>0x2be</size>
         <input_file_ref idref="fl-147"/>
      </object_component>
      <object_component id="oc-252">
         <name>.debug_info</name>
         <load_address>0x125f2</load_address>
         <run_address>0x125f2</run_address>
         <size>0x2a4</size>
         <input_file_ref idref="fl-147"/>
      </object_component>
      <object_component id="oc-24c">
         <name>.debug_info</name>
         <load_address>0x12896</load_address>
         <run_address>0x12896</run_address>
         <size>0x2e2</size>
         <input_file_ref idref="fl-147"/>
      </object_component>
      <object_component id="oc-265">
         <name>.debug_info</name>
         <load_address>0x12b78</load_address>
         <run_address>0x12b78</run_address>
         <size>0x2d0</size>
         <input_file_ref idref="fl-147"/>
      </object_component>
      <object_component id="oc-2de">
         <name>.debug_info</name>
         <load_address>0x12e48</load_address>
         <run_address>0x12e48</run_address>
         <size>0x231</size>
         <input_file_ref idref="fl-148"/>
      </object_component>
      <object_component id="oc-2ec">
         <name>.debug_info</name>
         <load_address>0x13079</load_address>
         <run_address>0x13079</run_address>
         <size>0x2ce</size>
         <input_file_ref idref="fl-148"/>
      </object_component>
      <object_component id="oc-223">
         <name>.debug_info</name>
         <load_address>0x13347</load_address>
         <run_address>0x13347</run_address>
         <size>0x29a</size>
         <input_file_ref idref="fl-148"/>
      </object_component>
      <object_component id="oc-19b">
         <name>.debug_info</name>
         <load_address>0x135e1</load_address>
         <run_address>0x135e1</run_address>
         <size>0x252</size>
         <input_file_ref idref="fl-148"/>
      </object_component>
      <object_component id="oc-309">
         <name>.debug_info</name>
         <load_address>0x13833</load_address>
         <run_address>0x13833</run_address>
         <size>0x24e</size>
         <input_file_ref idref="fl-148"/>
      </object_component>
      <object_component id="oc-217">
         <name>.debug_info</name>
         <load_address>0x13a81</load_address>
         <run_address>0x13a81</run_address>
         <size>0x2d5</size>
         <input_file_ref idref="fl-148"/>
      </object_component>
      <object_component id="oc-2f5">
         <name>.debug_info</name>
         <load_address>0x13d56</load_address>
         <run_address>0x13d56</run_address>
         <size>0x27e</size>
         <input_file_ref idref="fl-148"/>
      </object_component>
      <object_component id="oc-2e3">
         <name>.debug_info</name>
         <load_address>0x13fd4</load_address>
         <run_address>0x13fd4</run_address>
         <size>0x254</size>
         <input_file_ref idref="fl-148"/>
      </object_component>
      <object_component id="oc-1a2">
         <name>.debug_info</name>
         <load_address>0x14228</load_address>
         <run_address>0x14228</run_address>
         <size>0x27e</size>
         <input_file_ref idref="fl-148"/>
      </object_component>
      <object_component id="oc-33f">
         <name>.debug_info</name>
         <load_address>0x144a6</load_address>
         <run_address>0x144a6</run_address>
         <size>0x16a</size>
         <input_file_ref idref="fl-149"/>
      </object_component>
      <object_component id="oc-27f">
         <name>.debug_info</name>
         <load_address>0x14610</load_address>
         <run_address>0x14610</run_address>
         <size>0x182</size>
         <input_file_ref idref="fl-149"/>
      </object_component>
      <object_component id="oc-37e">
         <name>.debug_info</name>
         <load_address>0x14792</load_address>
         <run_address>0x14792</run_address>
         <size>0x86</size>
         <input_file_ref idref="fl-149"/>
      </object_component>
      <object_component id="oc-33a">
         <name>.debug_info</name>
         <load_address>0x14818</load_address>
         <run_address>0x14818</run_address>
         <size>0x104</size>
         <input_file_ref idref="fl-14a"/>
      </object_component>
      <object_component id="oc-277">
         <name>.debug_info</name>
         <load_address>0x1491c</load_address>
         <run_address>0x1491c</run_address>
         <size>0x1d1</size>
         <input_file_ref idref="fl-14a"/>
      </object_component>
      <object_component id="oc-26b">
         <name>.debug_info</name>
         <load_address>0x14aed</load_address>
         <run_address>0x14aed</run_address>
         <size>0x129</size>
         <input_file_ref idref="fl-14b"/>
      </object_component>
      <object_component id="oc-23e">
         <name>.debug_info</name>
         <load_address>0x14c16</load_address>
         <run_address>0x14c16</run_address>
         <size>0x117</size>
         <input_file_ref idref="fl-14c"/>
      </object_component>
      <object_component id="oc-244">
         <name>.debug_info</name>
         <load_address>0x14d2d</load_address>
         <run_address>0x14d2d</run_address>
         <size>0x112</size>
         <input_file_ref idref="fl-14d"/>
      </object_component>
      <object_component id="oc-239">
         <name>.debug_info</name>
         <load_address>0x14e3f</load_address>
         <run_address>0x14e3f</run_address>
         <size>0x109</size>
         <input_file_ref idref="fl-14e"/>
      </object_component>
      <object_component id="oc-32d">
         <name>.debug_info</name>
         <load_address>0x14f48</load_address>
         <run_address>0x14f48</run_address>
         <size>0x102</size>
         <input_file_ref idref="fl-14f"/>
      </object_component>
      <object_component id="oc-258">
         <name>.debug_info</name>
         <load_address>0x1504a</load_address>
         <run_address>0x1504a</run_address>
         <size>0x139</size>
         <input_file_ref idref="fl-14f"/>
      </object_component>
[...]
         <object_component_ref idref="oc-36"/>
      </symbol>
      <symbol id="sm-1c5">
         <name>UARTgets</name>
         <value>0xe97</value>
         <object_component_ref idref="oc-36"/>
      </symbol>
      <symbol id="sm-1c6">
         <name>UARTFlushTx</name>
         <value>0x133b</value>
         <object_component_ref idref="oc-36"/>
      </symbol>
      <symbol id="sm-1c7">
         <name>UARTStdioConfig</name>
         <value>0xd39</value>
         <object_component_ref idref="oc-36"/>
      </symbol>
      <symbol id="sm-1c8">
         <name>UARTStdioIntHandler</name>
         <value>0x13ad</value>
         <object_component_ref idref="oc-36"/>
      </symbol>
      <symbol id="sm-1c9">
         <name>UARTRxBytesAvail</name>
         <value>0x1297</value>
         <object_component_ref idref="oc-36"/>
      </symbol>
      <symbol id="sm-1ca">
         <name>UARTwrite</name>
         <value>0xdf1</value>
         <object_component_ref idref="oc-36"/>
      </symbol>
      <symbol id="sm-1cb">
         <name>UARTPeek</name>
         <value>0x12b9</value>
         <object_component_ref idref="oc-36"/>
      </symbol>
      <symbol id="sm-1cc">
         <name>UARTEchoSet</name>
         <value>0x1379</value>
         <object_component_ref idref="oc-36"/>
      </symbol>
      <symbol id="sm-1cd">
         <name>UARTprintf</name>
         <value>0x1273</value>
         <object_component_ref idref="oc-36"/>
      </symbol>
      <symbol id="sm-1ce">
         <name>UARTvprintf</name>
         <value>0xf79</value>
         <object_component_ref idref="oc-36"/>
      </symbol>
      <symbol id="sm-218">
         <name>RGBDisable</name>
         <value>0x170b</value>
         <object_component_ref idref="oc-3c"/>
      </symbol>
      <symbol id="sm-219">
         <name>RGBBlinkRateSet</name>
         <value>0x1845</value>
         <object_component_ref idref="oc-3c"/>
      </symbol>
      <symbol id="sm-21a">
         <name>RGBIntensitySet</name>
         <value>0x1831</value>
         <object_component_ref idref="oc-3c"/>
      </symbol>
      <symbol id="sm-21b">
         <name>RGBBlinkIntHandler</name>
         <value>0x1539</value>
         <object_component_ref idref="oc-3c"/>
      </symbol>
      <symbol id="sm-21c">
         <name>RGBEnable</name>
         <value>0x1653</value>
         <object_component_ref idref="oc-3c"/>
      </symbol>
      <symbol id="sm-21d">
         <name>RGBColorGet</name>
         <value>0x18d9</value>
         <object_component_ref idref="oc-3c"/>
      </symbol>
      <symbol id="sm-21e">
         <name>RGBInit</name>
         <value>0x1567</value>
         <object_component_ref idref="oc-3c"/>
      </symbol>
      <symbol id="sm-21f">
         <name>RGBColorSet</name>
         <value>0x1781</value>
         <object_component_ref idref="oc-3c"/>
      </symbol>
      <symbol id="sm-220">
         <name>RGBSet</name>
         <value>0x1769</value>
         <object_component_ref idref="oc-3c"/>
      </symbol>
      <symbol id="sm-257">
         <name>GPIOPinTypeI2CSCL</name>
         <value>0x3841</value>
         <object_component_ref idref="oc-c1"/>
      </symbol>
      <symbol id="sm-258">
         <name>GPIOIntEnable</name>
         <value>0x38a9</value>
         <object_component_ref idref="oc-c7"/>
      </symbol>
      <symbol id="sm-259">
         <name>GPIOIntClear</name>
         <value>0x38fb</value>
         <object_component_ref idref="oc-8d"/>
      </symbol>
      <symbol id="sm-25a">
         <name>GPIOIntStatus</name>
         <value>0x388d</value>
         <object_component_ref idref="oc-87"/>
      </symbol>
      <symbol id="sm-25b">
         <name>GPIODirModeSet</name>
         <value>0x36f3</value>
         <object_component_ref idref="oc-208"/>
      </symbol>
      <symbol id="sm-25c">
         <name>GPIOPadConfigSet</name>
         <value>0x2111</value>
         <object_component_ref idref="oc-20e"/>
      </symbol>
      <symbol id="sm-2b1">
         <name>IntIsEnabled</name>
         <value>0x2ee5</value>
         <object_component_ref idref="oc-2c2"/>
      </symbol>
      <symbol id="sm-2b2">
         <name>IntEnable</name>
         <value>0x2e7d</value>
         <object_component_ref idref="oc-21c"/>
      </symbol>
      <symbol id="sm-2b3">
         <name>IntTrigger</name>
         <value>0x38b5</value>
         <object_component_ref idref="oc-2ce"/>
      </symbol>
      <symbol id="sm-2b4">
         <name>IntDisable</name>
         <value>0x2e15</value>
         <object_component_ref idref="oc-2c8"/>
      </symbol>
      <symbol id="sm-2c9">
         <name>PWMGenPeriodSet</name>
         <value>0x3853</value>
         <object_component_ref idref="oc-bb"/>
      </symbol>
      <symbol id="sm-2ca">
         <name>PWMGenConfigure</name>
         <value>0x37b9</value>
         <object_component_ref idref="oc-b5"/>
      </symbol>
      <symbol id="sm-2fa">
         <name>SysCtlClockGet</name>
         <value>0x235d</value>
         <object_component_ref idref="oc-af"/>
      </symbol>
      <symbol id="sm-307">
         <name>UARTClockSourceSet</name>
         <value>0x3901</value>
         <object_component_ref idref="oc-9f"/>
      </symbol>
      <symbol id="sm-31a">
         <name>_c_int00</name>
         <value>0x3101</value>
         <object_component_ref idref="oc-24"/>
      </symbol>
      <symbol id="sm-31b">
         <name>__stack</name>
         <value>0x20000698</value>
         <object_component_ref idref="oc-29"/>
      </symbol>
      <symbol id="sm-332">
         <name>__TI_decompress_none</name>
         <value>0x389b</value>
         <object_component_ref idref="oc-12"/>
      </symbol>
      <symbol id="sm-35a">
         <name>__TI_decompress_rle24</name>
         <value>0x3907</value>
         <object_component_ref idref="oc-18"/>
      </symbol>
      <symbol id="sm-36c">
         <name>__TI_zero_init</name>
         <value>0x38c1</value>
         <object_component_ref idref="oc-1e"/>
      </symbol>
      <symbol id="sm-38b">
         <name>C$$EXIT</name>
         <value>0x339d</value>
         <object_component_ref idref="oc-7c"/>
      </symbol>
      <symbol id="sm-38c">
         <name>abort</name>
         <value>0x33a1</value>
         <object_component_ref idref="oc-7c"/>
      </symbol>
      <symbol id="sm-38d">
         <name>exit</name>
         <value>0x33a9</value>
         <object_component_ref idref="oc-7c"/>
      </symbol>
      <symbol id="sm-38e">
         <name>__TI_dtors_ptr</name>
         <value>0x200009d4</value>
         <object_component_ref idref="oc-181"/>
      </symbol>
      <symbol id="sm-38f">
         <name>__TI_cleanup_ptr</name>
         <value>0x200009d0</value>
         <object_component_ref idref="oc-181"/>
      </symbol>
      <symbol id="sm-39b">
         <name>__aeabi_f2ulz</name>
         <value>0x3151</value>
         <object_component_ref idref="oc-14c"/>
      </symbol>
      <symbol id="sm-3b6">
         <name>memcpy</name>
         <value>0x29a1</value>
         <object_component_ref idref="oc-45"/>
      </symbol>
      <symbol id="sm-3b7">
         <name>__aeabi_memcpy</name>
         <value>0x29a1</value>
         <object_component_ref idref="oc-45"/>
      </symbol>
      <symbol id="sm-3b8">
         <name>__aeabi_memcpy8</name>
         <value>0x29a1</value>
         <object_component_ref idref="oc-45"/>
      </symbol>
      <symbol id="sm-3b9">
         <name>__aeabi_memcpy4</name>
         <value>0x29a1</value>
         <object_component_ref idref="oc-45"/>
      </symbol>
      <symbol id="sm-3c8">
         <name>__aeabi_memset</name>
         <value>0x2c57</value>
         <object_component_ref idref="oc-5e"/>
      </symbol>
      <symbol id="sm-3c9">
         <name>memset</name>
         <value>0x2c5d</value>
         <object_component_ref idref="oc-5e"/>
      </symbol>
      <symbol id="sm-3ca">
         <name>__aeabi_memset8</name>
         <value>0x2c57</value>
         <object_component_ref idref="oc-5e"/>
      </symbol>
      <symbol id="sm-3cb">
         <name>__aeabi_memset4</name>
         <value>0x2c57</value>
         <object_component_ref idref="oc-5e"/>
      </symbol>
      <symbol id="sm-3cc">
         <name>__aeabi_memclr8</name>
         <value>0x2c55</value>
         <object_component_ref idref="oc-5e"/>
      </symbol>
      <symbol id="sm-3cd">
         <name>__aeabi_memclr4</name>
         <value>0x2c55</value>
         <object_component_ref idref="oc-5e"/>
      </symbol>
      <symbol id="sm-3ce">
         <name>__aeabi_memclr</name>
         <value>0x2c55</value>
         <object_component_ref idref="oc-5e"/>
      </symbol>
      <symbol id="sm-3d8">
         <name>_system_pre_init</name>
         <value>0x3919</value>
         <object_component_ref idref="oc-6a"/>
      </symbol>
      <symbol id="sm-3e0">
         <name>main_func_sp</name>
         <value>0x200009e8</value>
         <object_component_ref idref="oc-82"/>
      </symbol>
      <symbol id="sm-3f2">
         <name>__aeabi_uidivmod</name>
         <value>0x34e5</value>
         <object_component_ref idref="oc-140"/>
      </symbol>
      <symbol id="sm-3f3">
         <name>__aeabi_uidiv</name>
         <value>0x34e5</value>
         <object_component_ref idref="oc-140"/>
      </symbol>
      <symbol id="sm-40c">
         <name>_nop</name>
         <value>0x383b</value>
         <object_component_ref idref="oc-2b2"/>
      </symbol>
      <symbol id="sm-40d">
         <name>_lock</name>
         <value>0x200009c8</value>
         <object_component_ref idref="oc-17e"/>
      </symbol>
      <symbol id="sm-40e">
         <name>_unlock</name>
         <value>0x200009cc</value>
         <object_component_ref idref="oc-17e"/>
      </symbol>
      <symbol id="sm-40f">
         <name>_register_lock</name>
         <value>0x3833</value>
         <object_component_ref idref="oc-2b2"/>
      </symbol>
      <symbol id="sm-410">
         <name>_register_unlock</name>
         <value>0x382d</value>
         <object_component_ref idref="oc-2b2"/>
      </symbol>
      <symbol id="sm-425">
         <name>_args_main</name>
         <value>0x3815</value>
         <object_component_ref idref="oc-76"/>
      </symbol>
      <symbol id="sm-44b">
         <name>__TI_auto_init</name>
         <value>0x2d3d</value>
         <object_component_ref idref="oc-70"/>
      </symbol>
      <symbol id="sm-465">
         <name>copy_in</name>
         <value>0x31ed</value>
         <object_component_ref idref="oc-174"/>
      </symbol>
      <symbol id="sm-46f">
         <name>__aeabi_idiv0</name>
         <value>0x1f7b</value>
         <object_component_ref idref="oc-291"/>
      </symbol>
      <symbol id="sm-4c7">
         <name>CompDCMMagnetoUpdate</name>
         <value>0x387f</value>
         <object_component_ref idref="oc-f8"/>
      </symbol>
      <symbol id="sm-4c8">
         <name>CompDCMComputeEulers</name>
         <value>0x33e1</value>
         <object_component_ref idref="oc-116"/>
      </symbol>
      <symbol id="sm-4c9">
         <name>CompDCMStart</name>
         <value>0x2711</value>
         <object_component_ref idref="oc-10a"/>
      </symbol>
      <symbol id="sm-4ca">
         <name>CompDCMComputeQuaternion</name>
         <value>0x1bfd</value>
         <object_component_ref idref="oc-11c"/>
      </symbol>
      <symbol id="sm-4cb">
         <name>CompDCMGyroUpdate</name>
         <value>0x3871</value>
         <object_component_ref idref="oc-104"/>
      </symbol>
      <symbol id="sm-4cc">
         <name>CompDCMUpdate</name>
         <value>0x196d</value>
         <object_component_ref idref="oc-110"/>
      </symbol>
      <symbol id="sm-4cd">
         <name>CompDCMAccelUpdate</name>
         <value>0x3863</value>
         <object_component_ref idref="oc-fe"/>
      </symbol>
      <symbol id="sm-4ce">
         <name>CompDCMInit</name>
         <value>0x3315</value>
         <object_component_ref idref="oc-e0"/>
      </symbol>
      <symbol id="sm-5a3">
         <name>I2CMWrite8</name>
         <value>0x305d</value>
         <object_component_ref idref="oc-22a"/>
      </symbol>
      <symbol id="sm-5a4">
         <name>I2CMCommand</name>
         <value>0x2ad5</value>
         <object_component_ref idref="oc-18c"/>
      </symbol>
      <symbol id="sm-5a5">
         <name>I2CMInit</name>
         <value>0x359b</value>
         <object_component_ref idref="oc-ce"/>
      </symbol>
      <symbol id="sm-5a6">
         <name>I2CMTransferResume</name>
         <value>0x3637</value>
         <object_component_ref idref="oc-35f"/>
      </symbol>
      <symbol id="sm-5a7">
         <name>I2CMIntHandler</name>
         <value>0x2569</value>
         <object_component_ref idref="oc-99"/>
      </symbol>
      <symbol id="sm-623">
         <name>MPU9150DataMagnetoGetFloat</name>
         <value>0x2869</value>
         <object_component_ref idref="oc-f2"/>
      </symbol>
      <symbol id="sm-624">
         <name>MPU9150Write</name>
         <value>0x2905</value>
         <object_component_ref idref="oc-da"/>
      </symbol>
      <symbol id="sm-625">
         <name>MPU9150Init</name>
         <value>0x2cd1</value>
         <object_component_ref idref="oc-d4"/>
      </symbol>
      <symbol id="sm-626">
         <name>MPU9150DataAccelGetFloat</name>
         <value>0x2b5d</value>
         <object_component_ref idref="oc-e6"/>
      </symbol>
      <symbol id="sm-627">
         <name>MPU9150DataRead</name>
         <value>0x2f49</value>
         <object_component_ref idref="oc-93"/>
      </symbol>
      <symbol id="sm-628">
         <name>MPU9150DataGyroGetFloat</name>
         <value>0x2bd9</value>
         <object_component_ref idref="oc-ec"/>
      </symbol>
      <symbol id="sm-64d">
         <name>VectorDotProduct</name>
         <value>0x3747</value>
         <object_component_ref idref="oc-251"/>
      </symbol>
      <symbol id="sm-64e">
         <name>VectorScale</name>
         <value>0x376d</value>
         <object_component_ref idref="oc-25d"/>
      </symbol>
      <symbol id="sm-64f">
         <name>VectorAdd</name>
         <value>0x3605</value>
         <object_component_ref idref="oc-264"/>
      </symbol>
      <symbol id="sm-650">
         <name>VectorCrossProduct</name>
         <value>0x3007</value>
         <object_component_ref idref="oc-24b"/>
      </symbol>
      <symbol id="sm-699">
         <name>I2CMasterDataPut</name>
         <value>0x3915</value>
         <object_component_ref idref="oc-2f3"/>
      </symbol>
      <symbol id="sm-69a">
         <name>I2CMasterInitExpClk</name>
         <value>0x31a1</value>
         <object_component_ref idref="oc-216"/>
      </symbol>
      <symbol id="sm-69b">
         <name>I2CMasterSlaveAddrSet</name>
         <value>0x38f3</value>
         <object_component_ref idref="oc-2eb"/>
      </symbol>
      <symbol id="sm-69c">
         <name>I2CMasterDataGet</name>
         <value>0x3911</value>
         <object_component_ref idref="oc-2e1"/>
      </symbol>
      <symbol id="sm-69d">
         <name>I2CMasterIntEnableEx</name>
         <value>0x38eb</value>
         <object_component_ref idref="oc-222"/>
      </symbol>
      <symbol id="sm-69e">
         <name>I2CMasterControl</name>
         <value>0x390d</value>
         <object_component_ref idref="oc-1a0"/>
      </symbol>
      <symbol id="sm-69f">
         <name>I2CMasterEnable</name>
         <value>0x38d9</value>
         <object_component_ref idref="oc-308"/>
      </symbol>
      <symbol id="sm-6a0">
         <name>I2CMasterIntClear</name>
         <value>0x38e3</value>
         <object_component_ref idref="oc-19a"/>
      </symbol>
      <symbol id="sm-6bc">
         <name>asinf</name>
         <value>0x265d</value>
         <object_component_ref idref="oc-27c"/>
      </symbol>
      <symbol id="sm-6d7">
         <name>atan2f</name>
         <value>0x2245</value>
         <object_component_ref idref="oc-276"/>
      </symbol>
      <symbol id="sm-6fb">
         <name>__aeabi_dsub</name>
         <value>0x1dc5</value>
         <object_component_ref idref="oc-26a"/>
      </symbol>
      <symbol id="sm-6fc">
         <name>__aeabi_dadd</name>
         <value>0x1dcf</value>
         <object_component_ref idref="oc-26a"/>
      </symbol>
      <symbol id="sm-713">
         <name>__aeabi_dmul</name>
         <value>0x246d</value>
         <object_component_ref idref="oc-23d"/>
      </symbol>
      <symbol id="sm-720">
         <name>__aeabi_d2f</name>
         <value>0x32cb</value>
         <object_component_ref idref="oc-242"/>
      </symbol>
      <symbol id="sm-72e">
         <name>__aeabi_f2d</name>
         <value>0x3563</value>
         <object_component_ref idref="oc-238"/>
      </symbol>
      <symbol id="sm-73e">
         <name>sqrtf</name>
         <value>0x3795</value>
         <object_component_ref idref="oc-257"/>
      </symbol>
      <symbol id="sm-763">
         <name>_FAtan</name>
         <value>0x27c1</value>
         <object_component_ref idref="oc-333"/>
      </symbol>
      <symbol id="sm-771">
         <name>_FDclass</name>
         <value>0x36c7</value>
         <object_component_ref idref="oc-26f"/>
      </symbol>
      <symbol id="sm-780">
         <name>_Feraise</name>
         <value>0x3669</value>
         <object_component_ref idref="oc-326"/>
      </symbol>
      <symbol id="sm-78f">
         <name>_FZero</name>
         <value>0x200009ac</value>
         <object_component_ref idref="oc-33b"/>
      </symbol>
      <symbol id="sm-790">
         <name>_FRteps</name>
         <value>0x20000998</value>
         <object_component_ref idref="oc-33b"/>
      </symbol>
      <symbol id="sm-791">
         <name>_FSnan</name>
         <value>0x20000988</value>
         <object_component_ref idref="oc-33b"/>
      </symbol>
      <symbol id="sm-792">
         <name>_FNan</name>
         <value>0x20000978</value>
         <object_component_ref idref="oc-33b"/>
      </symbol>
      <symbol id="sm-793">
         <name>_FInf</name>
         <value>0x20000968</value>
         <object_component_ref idref="oc-33b"/>
      </symbol>
      <symbol id="sm-794">
         <name>_FEps</name>
         <value>0x20000958</value>
         <object_component_ref idref="oc-33b"/>
      </symbol>
      <symbol id="sm-795">
         <name>_FXbig</name>
         <value>0x200009a8</value>
         <object_component_ref idref="oc-33b"/>
      </symbol>
      <symbol id="sm-796">
         <name>_FDenorm</name>
         <value>0x20000948</value>
         <object_component_ref idref="oc-33b"/>
      </symbol>
      <symbol id="sm-79e">
         <name>_Errno</name>
         <value>0x200009e4</value>
         <object_component_ref idref="oc-36e"/>
      </symbol>
      <symbol id="sm-7bc">
         <name>feraiseexcept</name>
         <value>0x35d1</value>
         <object_component_ref idref="oc-368"/>
      </symbol>
      <symbol id="sm-7bd">
         <name>_Tls_setup__Fenv</name>
         <value>0x200009dc</value>
         <object_component_ref idref="oc-38c"/>
      </symbol>
      <symbol id="sm-7be">
         <name>_Fenv</name>
         <value>0x200009d8</value>
         <object_component_ref idref="oc-38c"/>
      </symbol>
      <symbol id="sm-7d2">
         <name>raise</name>
         <value>0x3699</value>
         <object_component_ref idref="oc-386"/>
      </symbol>
      <symbol id="sm-7ec">
         <name>signal</name>
         <value>0x34a5</value>
         <object_component_ref idref="oc-396"/>
      </symbol>
      <symbol id="sm-7ed">
         <name>__TI_static_base__</name>
         <value>0x0</value>
      </symbol>
      <symbol id="sm-7f0">
         <name>SHT$$INIT_ARRAY$$Limit</name>
         <value>0x0</value>
      </symbol>
      <symbol id="sm-7f1">
         <name>SHT$$INIT_ARRAY$$Base</name>
         <value>0x0</value>
      </symbol>
   </symbol_table>
   <title>Link successful</title>
</link_info>
